// Jest Snapshot v1, https://goo.gl/fbAQLP

exports[`renders correctly 1`] = `
<View
  style={
    Object {
      "paddingBottom": 60,
    }
  }
>
  <Text
    style={
      Array [
        Object {
          "color": "#000000",
          "fontFamily": "System",
          "fontWeight": "400",
        },
        Object {
          "textAlign": "left",
        },
        undefined,
      ]
    }
  >
    Your Cart is Empty
  </Text>
</View>
`;
